******************************************************************************
                  TI ARM Linker PC v20.2.7                     
******************************************************************************
>> Linked Wed Nov 27 17:29:35 2024

OUTPUT FILE NAME:   <c03 - GPIO-Interrupt.out>
ENTRY POINT SYMBOL: "_c_int00_noargs"  address: 00000589


MEMORY CONFIGURATION

         name            origin    length      used     unused   attr    fill
----------------------  --------  ---------  --------  --------  ----  --------
  FLASH                 00000000   00100000  000005fa  000ffa06  R  X
  SRAM                  20000000   00040000  00000208  0003fdf8  RW X


SEGMENT ALLOCATION MAP

run origin  load origin   length   init length attrs members
----------  ----------- ---------- ----------- ----- -------
00000000    00000000    000005fc   000005fc    r-x
  00000000    00000000    00000208   00000208    r-- .intvecs
  00000208    00000208    000003d6   000003d6    r-x .text
  000005e0    000005e0    0000001c   0000001c    r-- .cinit
20000000    20000000    00000208   00000000    rw-
  20000000    20000000    00000200   00000000    rw- .stack
  20000200    20000200    00000008   00000000    rw- .data


SECTION ALLOCATION MAP

 output                                  attributes/
section   page    origin      length       input sections
--------  ----  ----------  ----------   ----------------
.intvecs   0    00000000    00000208     
                  00000000    00000208     tm4c1294ncpdt_startup_ccs.obj (.intvecs)

.text      0    00000208    000003d6     
                  00000208    00000238     main.obj (.text)
                  00000440    0000009c     rtsv7M4_T_le_v4SPD16_eabi.lib : memcpy_t2.asm.obj (.text)
                  000004dc    00000068                                   : copy_decompress_lzss.c.obj (.text:decompress:lzss:__TI_decompress_lzss)
                  00000544    00000044                                   : autoinit.c.obj (.text:__TI_auto_init_nobinit_nopinit:__TI_auto_init_nobinit_nopinit)
                  00000588    00000034                                   : boot_cortex_m.c.obj (.text:_c_int00_noargs:_c_int00_noargs)
                  000005bc    0000000e                                   : copy_decompress_none.c.obj (.text:decompress:none:__TI_decompress_none)
                  000005ca    0000000c     tm4c1294ncpdt_startup_ccs.obj (.text)
                  000005d6    00000004     rtsv7M4_T_le_v4SPD16_eabi.lib : pre_init.c.obj (.text:_system_pre_init)
                  000005da    00000004                                   : exit.c.obj (.text:abort:abort)

.cinit     0    000005e0    0000001c     
                  000005e0    0000000a     (.cinit..data.load) [load image, compression = lzss]
                  000005ea    00000002     --HOLE-- [fill = 0]
                  000005ec    00000008     (__TI_handler_table)
                  000005f4    00000008     (__TI_cinit_table)

.init_array 
*          0    00000000    00000000     UNINITIALIZED

.data      0    20000200    00000008     UNINITIALIZED
                  20000200    00000008     main.obj (.data)

.stack     0    20000000    00000200     UNINITIALIZED
                  20000000    00000004     rtsv7M4_T_le_v4SPD16_eabi.lib : boot_cortex_m.c.obj (.stack)
                  20000004    000001fc     --HOLE--

__llvm_prf_cnts 
*          0    20000000    00000000     UNINITIALIZED

MODULE SUMMARY

       Module                          code   ro data   rw data
       ------                          ----   -------   -------
    .\
       main.obj                        568    0         8      
       tm4c1294ncpdt_startup_ccs.obj   12     520       0      
    +--+-------------------------------+------+---------+---------+
       Total:                          580    520       8      
                                                               
    D:\ti\ccs1281\ccs\tools\compiler\ti-cgt-arm_20.2.7.LTS\lib\rtsv7M4_T_le_v4SPD16_eabi.lib
       memcpy_t2.asm.obj               156    0         0      
       copy_decompress_lzss.c.obj      104    0         0      
       autoinit.c.obj                  68     0         0      
       boot_cortex_m.c.obj             52     0         0      
       copy_decompress_none.c.obj      14     0         0      
       exit.c.obj                      4      0         0      
       pre_init.c.obj                  4      0         0      
    +--+-------------------------------+------+---------+---------+
       Total:                          402    0         0      
                                                               
       Stack:                          0      0         512    
       Linker Generated:               0      26        0      
    +--+-------------------------------+------+---------+---------+
       Grand Total:                    982    546       520    


LINKER GENERATED COPY TABLES

__TI_cinit_table @ 000005f4 records: 1, size/record: 8, table size: 8
	.data: load addr=000005e0, load size=0000000a bytes, run addr=20000200, run size=00000008 bytes, compression=lzss


LINKER GENERATED HANDLER TABLE

__TI_handler_table @ 000005ec records: 2, size/record: 4, table size: 8
	index: 0, handler: __TI_decompress_lzss
	index: 1, handler: __TI_decompress_none


GLOBAL SYMBOLS: SORTED ALPHABETICALLY BY Name 

address   name                          
-------   ----                          
000005db  C$$EXIT                       
00000209  GPIO_PortF_Init               
00000305  GPIO_PortJ_Handler            
00000231  GPIO_PortJ_Init               
000002ab  GPIO_PortN_Init               
000005cb  ResetISR                      
000002d3  SysTick_OneShot               
20000200  __STACK_END                   
00000200  __STACK_SIZE                  
20000200  __STACK_TOP                   
000005f4  __TI_CINIT_Base               
000005fc  __TI_CINIT_Limit              
000005ec  __TI_Handler_Table_Base       
000005f4  __TI_Handler_Table_Limit      
00000545  __TI_auto_init_nobinit_nopinit
000004dd  __TI_decompress_lzss          
000005bd  __TI_decompress_none          
ffffffff  __TI_pprof_out_hndl           
ffffffff  __TI_prof_data_size           
ffffffff  __TI_prof_data_start          
00000000  __TI_static_base__            
00000441  __aeabi_memcpy                
00000441  __aeabi_memcpy4               
00000441  __aeabi_memcpy8               
ffffffff  __binit__                     
ffffffff  __c_args__                    
UNDEFED   __mpu_init                    
20000000  __stack                       
20000000  __start___llvm_prf_cnts       
20000000  __stop___llvm_prf_cnts        
00000589  _c_int00_noargs               
UNDEFED   _system_post_cinit            
000005d7  _system_pre_init              
000005db  abort                         
ffffffff  binit                         
20000200  bounce                        
20000204  cuenta                        
00000000  g_pfnVectors                  
0000033b  main                          
00000441  memcpy                        


GLOBAL SYMBOLS: SORTED BY Symbol Address 

address   name                          
-------   ----                          
00000000  __TI_static_base__            
00000000  g_pfnVectors                  
00000200  __STACK_SIZE                  
00000209  GPIO_PortF_Init               
00000231  GPIO_PortJ_Init               
000002ab  GPIO_PortN_Init               
000002d3  SysTick_OneShot               
00000305  GPIO_PortJ_Handler            
0000033b  main                          
00000441  __aeabi_memcpy                
00000441  __aeabi_memcpy4               
00000441  __aeabi_memcpy8               
00000441  memcpy                        
000004dd  __TI_decompress_lzss          
00000545  __TI_auto_init_nobinit_nopinit
00000589  _c_int00_noargs               
000005bd  __TI_decompress_none          
000005cb  ResetISR                      
000005d7  _system_pre_init              
000005db  C$$EXIT                       
000005db  abort                         
000005ec  __TI_Handler_Table_Base       
000005f4  __TI_CINIT_Base               
000005f4  __TI_Handler_Table_Limit      
000005fc  __TI_CINIT_Limit              
20000000  __stack                       
20000000  __start___llvm_prf_cnts       
20000000  __stop___llvm_prf_cnts        
20000200  __STACK_END                   
20000200  __STACK_TOP                   
20000200  bounce                        
20000204  cuenta                        
ffffffff  __TI_pprof_out_hndl           
ffffffff  __TI_prof_data_size           
ffffffff  __TI_prof_data_start          
ffffffff  __binit__                     
ffffffff  __c_args__                    
ffffffff  binit                         
UNDEFED   __mpu_init                    
UNDEFED   _system_post_cinit            

[40 symbols]
